// Jest Snapshot v1, https://goo.gl/fbAQLP

exports[`should render Expense with empty message 1`] = `
<div>
  <p>
    No expenses
  </p>
</div>
`;

exports[`should render ExpenseList with expenses 1`] = `
<div>
  <ExpenseListItem
    amount={123}
    createdAt={0}
    description="Dosa"
    id="1"
    key="1"
    note=""
  />
  <ExpenseListItem
    amount={40000}
    createdAt={-345600000}
    description="HRA"
    id="2"
    key="2"
    note=""
  />
  <ExpenseListItem
    amount={450000}
    createdAt={345600000}
    description="Credit card"
    id="3"
    key="3"
    note=""
  />
</div>
`;
